	sudo cat /var/log/nginx/access.log.1
45.149.173.209 - - [30/Sep/2025:00:00:45 +0000] "GET / HTTP/1.1" 301 162 "-" "Mozilla/5.0 (Windows NT 10.0; Win64; x64) AppleWebKit/537.36 (KHTML, like Gecko) Chrome/78.0.3904.108 Safari/537.36"
45.149.173.209 - - [30/Sep/2025:00:00:45 +0000] "" 400 0 "-" "-"
20.64.105.41 - - [30/Sep/2025:00:00:52 +0000] "GET / HTTP/1.1" 301 162 "-" "Mozilla/5.0 zgrab/0.x"
204.76.203.219 - - [30/Sep/2025:00:02:12 +0000] "GET / HTTP/1.1" 301 162 "-" "Mozilla/5.0 (Windows NT 10.0; Win64; x64) AppleWebKit/537.36 (KHTML, like Gecko) Chrome/90.0.4430.85 Safari/537.36 Edg/90.0.818.46"
85.208.98.23 - - [30/Sep/2025:00:03:36 +0000] "GET /robots.txt HTTP/1.1" 301 162 "-" "Mozilla/5.0 (compatible; SemrushBot-BA; +http://www.semrush.com/bot.html)"
85.208.98.23 - - [30/Sep/2025:00:03:54 +0000] "GET /robots.txt HTTP/1.1" 301 162 "-" "Mozilla/5.0 (compatible; SemrushBot-BA; +http://www.semrush.com/bot.html)"
85.208.98.23 - - [30/Sep/2025:00:04:31 +0000] "GET /robots.txt HTTP/1.1" 301 162 "-" "Mozilla/5.0 (compatible; SemrushBot-BA; +http://www.semrush.com/bot.html)"
85.208.98.23 - - [30/Sep/2025:00:04:39 +0000] "GET /robots.txt HTTP/1.1" 301 162 "-" "Mozilla/5.0 (compatible; SemrushBot-BA; +http://www.semrush.com/bot.html)"
85.208.98.23 - - [30/Sep/2025:00:06:58 +0000] "GET /robots.txt HTTP/1.1" 301 162 "-" "Mozilla/5.0 (compatible; SemrushBot-BA; +http://www.semrush.com/bot.html)"
187.85.95.198 - - [30/Sep/2025:00:09:55 +0000] "GET /PremiumROI/images/analytics.png HTTP/1.1" 301 162 "-" "Mozilla/5.0 (Macintosh; Intel Mac OS X 10_13_6) AppleWebKit/537.36 (KHTML, like Gecko) Brave Chrome/78.0.3904.108 Safari/537.36"
185.39.19.97 - - [30/Sep/2025:00:10:55 +0000] "GET / HTTP/1.0" 301 162 "http://mywindows.com/" "Mozilla/5.0 (Windows NT 10.0; Win64; x64) AppleWebKit/537.36 (KHTML, like Gecko) Chrome/129.0.0.0 Safari/537.36"
58.49.233.126 - - [30/Sep/2025:00:16:06 +0000] "GET / HTTP/1.1" 301 162 "-" "Mozilla/5.0 (iPhone; CPU iPhone OS 13_2_3 like Mac OS X) AppleWebKit/605.1.15 (KHTML, like Gecko) Version/13.0.3 Mobile/15E148 Safari/604.1"
45.154.98.144 - - [30/Sep/2025:00:16:11 +0000] "GET /wp-admin/install.php?step=1 HTTP/1.1" 301 162 "-" "Mozilla/5.0 (Macintosh; Intel Mac OS X 10_9_3) AppleWebKit/537.75.14 (KHTML, like Gecko) Version/7.0.3 Safari/7046A194A"
85.208.98.23 - - [30/Sep/2025:00:23:09 +0000] "GET /robots.txt HTTP/1.1" 301 162 "-" "Mozilla/5.0 (compatible; SemrushBot-BA; +http://www.semrush.com/bot.html)"
85.208.98.23 - - [30/Sep/2025:00:31:39 +0000] "GET /robots.txt HTTP/1.1" 301 162 "-" "Mozilla/5.0 (compatible; SemrushBot-BA; +http://www.semrush.com/bot.html)"
85.208.98.23 - - [30/Sep/2025:00:35:48 +0000] "GET /robots.txt HTTP/1.1" 301 162 "-" "Mozilla/5.0 (compatible; SemrushBot-BA; +http://www.semrush.com/bot.html)"
85.208.98.23 - - [30/Sep/2025:00:38:50 +0000] "GET /robots.txt HTTP/1.1" 301 162 "-" "Mozilla/5.0 (compatible; SemrushBot-BA; +http://www.semrush.com/bot.html)"
122.51.104.231 - - [30/Sep/2025:00:41:02 +0000] "GET / HTTP/1.1" 301 162 "-" "Mozilla/5.0 (iPhone; CPU iPhone OS 13_2_3 like Mac OS X) AppleWebKit/605.1.15 (KHTML, like Gecko) Version/13.0.3 Mobile/15E148 Safari/604.1"
85.208.98.23 - - [30/Sep/2025:00:41:42 +0000] "GET /robots.txt HTTP/1.1" 301 162 "-" "Mozilla/5.0 (compatible; SemrushBot-BA; +http://www.semrush.com/bot.html)"
185.39.19.43 - - [30/Sep/2025:00:41:50 +0000] "GET / HTTP/1.0" 301 162 "http://bitcurrents.com/" "Mozilla/5.0 (Windows NT 10.0; Win64; x64) AppleWebKit/537.36 (KHTML, like Gecko) Chrome/131.0.0.0 Safari/537.36"
37.60.141.156 - - [30/Sep/2025:00:47:16 +0000] "GET / HTTP/1.1" 301 162 "-" "Mozilla/5.0 (Windows NT 10.0; Win64; x64) AppleWebKit/537.36 (KHTML, like Gecko) Chrome/42.0.2311.135 Safari/537.36 Edge/12.246"
89.248.165.82 - - [30/Sep/2025:00:47:34 +0000] "GET / HTTP/1.1" 301 162 "-" "-"
54.235.45.79 - - [30/Sep/2025:00:49:19 +0000] "GET / HTTP/1.1" 301 162 "-" "Mozilla/5.0 (Windows NT 5.1) AppleWebKit/537.36 (KHTML, like Gecko) MxBrowser/4.5.10.7000 Chrome/30.0.1551.0 Safari/537.36"
85.208.98.23 - - [30/Sep/2025:01:01:28 +0000] "GET /robots.txt HTTP/1.1" 301 162 "-" "Mozilla/5.0 (compatible; SemrushBot-BA; +http://www.semrush.com/bot.html)"
85.208.98.23 - - [30/Sep/2025:01:01:40 +0000] "GET /robots.txt HTTP/1.1" 301 162 "-" "Mozilla/5.0 (compatible; SemrushBot-BA; +http://www.semrush.com/bot.html)"
167.94.145.102 - - [30/Sep/2025:01:02:51 +0000] "GET / HTTP/1.1" 301 162 "-" "Mozilla/5.0 (compatible; CensysInspect/1.1; +https://about.censys.io/)"
167.94.145.102 - - [30/Sep/2025:01:02:52 +0000] "PRI * HTTP/2.0" 400 150 "-" "-"
167.71.32.8 - - [30/Sep/2025:01:08:04 +0000] "GET /admin/config.php HTTP/1.0" 301 162 "-" "xfa1"
85.208.98.23 - - [30/Sep/2025:01:11:43 +0000] "GET /robots.txt HTTP/1.1" 301 162 "-" "Mozilla/5.0 (compatible; SemrushBot-BA; +http://www.semrush.com/bot.html)"
185.226.197.24 - - [30/Sep/2025:01:13:23 +0000] "GET / HTTP/1.1" 301 162 "-" "Mozilla/5.0 (Windows NT 10.0; Win64; x64) AppleWebKit/537.36 (KHTML, like Gecko) Chrome/60.0.3112.113 Safari/537.36"
37.60.141.156 - - [30/Sep/2025:01:16:10 +0000] "GET /cgi-bin/luci/;stok=/locale HTTP/1.1" 301 162 "-" "-"
85.208.98.23 - - [30/Sep/2025:01:20:59 +0000] "GET /robots.txt HTTP/1.1" 301 162 "-" "Mozilla/5.0 (compatible; SemrushBot-BA; +http://www.semrush.com/bot.html)"
85.208.98.23 - - [30/Sep/2025:01:21:57 +0000] "GET /robots.txt HTTP/1.1" 301 162 "-" "Mozilla/5.0 (compatible; SemrushBot-BA; +http://www.semrush.com/bot.html)"
85.208.98.23 - - [30/Sep/2025:01:24:54 +0000] "GET /robots.txt HTTP/1.1" 301 162 "-" "Mozilla/5.0 (compatible; SemrushBot-BA; +http://www.semrush.com/bot.html)"
85.208.98.23 - - [30/Sep/2025:01:29:49 +0000] "GET /robots.txt HTTP/1.1" 301 162 "-" "Mozilla/5.0 (compatible; SemrushBot-BA; +http://www.semrush.com/bot.html)"
162.216.150.176 - - [30/Sep/2025:01:31:40 +0000] "GET / HTTP/1.1" 301 162 "-" "Hello from Palo Alto Networks, find out more about our scans in https://docs-cortex.paloaltonetworks.com/r/1/Cortex-Xpanse/Scanning-activity"
138.68.74.149 - - [30/Sep/2025:01:31:52 +0000] "GET /.env HTTP/1.1" 301 162 "-" "Mozilla/5.0; Keydrop.io/1.0(onlyscans.com/about);"
138.68.74.149 - - [30/Sep/2025:01:31:52 +0000] "GET /.git/config HTTP/1.1" 301 162 "-" "Mozilla/5.0; Keydrop.io/1.0(onlyscans.com/about);"
85.208.98.23 - - [30/Sep/2025:01:33:04 +0000] "GET /robots.txt HTTP/1.1" 301 162 "-" "Mozilla/5.0 (compatible; SemrushBot-BA; +http://www.semrush.com/bot.html)"
188.166.184.193 - - [30/Sep/2025:01:35:01 +0000] "GET /wp-includes/js/jcrop/Jcrop.php HTTP/1.1" 301 162 "-" "Mozlila/5.0 (Linux; Android 7.0; SM-G892A Bulid/NRD90M; wv) AppleWebKit/537.36 (KHTML, like Gecko) Version/4.0 Chrome/60.0.3112.107 Moblie Safari/537.36"
188.166.184.193 - - [30/Sep/2025:01:35:08 +0000] "GET /wp-content/plugins/index.php HTTP/1.1" 301 162 "-" "Mozlila/5.0 (Linux; Android 7.0; SM-G892A Bulid/NRD90M; wv) AppleWebKit/537.36 (KHTML, like Gecko) Version/4.0 Chrome/60.0.3112.107 Moblie Safari/537.36"
188.166.184.193 - - [30/Sep/2025:01:35:17 +0000] "GET /wp-admin/images/index.php HTTP/1.1" 301 162 "-" "Mozlila/5.0 (Linux; Android 7.0; SM-G892A Bulid/NRD90M; wv) AppleWebKit/537.36 (KHTML, like Gecko) Version/4.0 Chrome/60.0.3112.107 Moblie Safari/537.36"
188.166.184.193 - - [30/Sep/2025:01:35:24 +0000] "GET /index/function.php HTTP/1.1" 301 162 "-" "Mozlila/5.0 (Linux; Android 7.0; SM-G892A Bulid/NRD90M; wv) AppleWebKit/537.36 (KHTML, like Gecko) Version/4.0 Chrome/60.0.3112.107 Moblie Safari/537.36"
188.166.184.193 - - [30/Sep/2025:01:35:30 +0000] "GET /wp-admin/network/index.php HTTP/1.1" 301 162 "-" "Mozlila/5.0 (Linux; Android 7.0; SM-G892A Bulid/NRD90M; wv) AppleWebKit/537.36 (KHTML, like Gecko) Version/4.0 Chrome/60.0.3112.107 Moblie Safari/537.36"
188.166.184.193 - - [30/Sep/2025:01:35:37 +0000] "GET /wp-includes/fonts/about.php HTTP/1.1" 301 162 "-" "Mozlila/5.0 (Linux; Android 7.0; SM-G892A Bulid/NRD90M; wv) AppleWebKit/537.36 (KHTML, like Gecko) Version/4.0 Chrome/60.0.3112.107 Moblie Safari/537.36"
204.76.203.212 - - [30/Sep/2025:01:43:22 +0000] "GET / HTTP/1.1" 301 162 "-" "Mozilla/5.0 (Windows NT 10.0; Win64; x64) AppleWebKit/537.36 (KHTML, like Gecko) Chrome/90.0.4430.85 Safari/537.36 Edg/90.0.818.46"
85.208.98.23 - - [30/Sep/2025:01:47:49 +0000] "GET /robots.txt HTTP/1.1" 301 162 "-" "Mozilla/5.0 (compatible; SemrushBot-BA; +http://www.semrush.com/bot.html)"
85.208.98.23 - - [30/Sep/2025:01:48:12 +0000] "GET /robots.txt HTTP/1.1" 301 162 "-" "Mozilla/5.0 (compatible; SemrushBot-BA; +http://www.semrush.com/bot.html)"
85.208.98.23 - - [30/Sep/2025:01:52:00 +0000] "GET /robots.txt HTTP/1.1" 301 162 "-" "Mozilla/5.0 (compatible; SemrushBot-BA; +http://www.semrush.com/bot.html)"
159.89.198.71 - - [30/Sep/2025:01:52:03 +0000] "GET /core/.env HTTP/1.1" 301 162 "-" "Mozilla/5.0 (X11; Linux x86_64)"
159.89.198.71 - - [30/Sep/2025:01:52:03 +0000] "GET /.env HTTP/1.1" 301 162 "-" "Mozilla/5.0 (X11; Linux x86_64)"
159.89.198.71 - - [30/Sep/2025:01:52:03 +0000] "GET /laravel/.env HTTP/1.1" 301 162 "-" "Mozilla/5.0 (X11; Linux x86_64)"
85.208.98.23 - - [30/Sep/2025:02:03:25 +0000] "GET /robots.txt HTTP/1.1" 301 162 "-" "Mozilla/5.0 (compatible; SemrushBot-BA; +http://www.semrush.com/bot.html)"
185.242.226.112 - - [30/Sep/2025:02:04:17 +0000] "GET / HTTP/1.1" 301 162 "-" "Mozilla/5.0 (Windows NT 10.0; Win64; x64) AppleWebKit/537.36 (KHTML, like Gecko) Chrome/88.0.4324.190 Safari/537.36"
204.76.203.219 - - [30/Sep/2025:02:04:24 +0000] "GET / HTTP/1.1" 301 162 "-" "Mozilla/5.0 (Windows NT 10.0; Win64; x64) AppleWebKit/537.36 (KHTML, like Gecko) Chrome/90.0.4430.85 Safari/537.36 Edg/90.0.818.46"
85.208.98.23 - - [30/Sep/2025:02:04:36 +0000] "GET /robots.txt HTTP/1.1" 301 162 "-" "Mozilla/5.0 (compatible; SemrushBot-BA; +http://www.semrush.com/bot.html)"
176.97.210.9 - - [30/Sep/2025:02:06:33 +0000] "CONNECT postman-echo.com:443 HTTP/1.1" 400 150 "-" "-"
85.208.98.23 - - [30/Sep/2025:02:09:25 +0000] "GET /robots.txt HTTP/1.1" 301 162 "-" "Mozilla/5.0 (compatible; SemrushBot-BA; +http://www.semrush.com/bot.html)"
85.208.98.23 - - [30/Sep/2025:02:10:46 +0000] "GET /robots.txt HTTP/1.1" 301 162 "-" "Mozilla/5.0 (compatible; SemrushBot-BA; +http://www.semrush.com/bot.html)"
51.68.111.202 - - [30/Sep/2025:02:10:58 +0000] "GET /robots.txt HTTP/1.1" 301 162 "-" "Mozilla/5.0 (compatible; MJ12bot/v2.0.4; http://mj12bot.com/)"
51.68.111.202 - - [30/Sep/2025:02:10:59 +0000] "GET / HTTP/1.1" 301 162 "-" "Mozilla/5.0 (compatible; MJ12bot/v2.0.4; http://mj12bot.com/)"
51.68.111.202 - - [30/Sep/2025:02:11:00 +0000] "GET /robots.txt HTTP/1.1" 301 162 "-" "Mozilla/5.0 (compatible; MJ12bot/v2.0.4; http://mj12bot.com/)"
51.68.111.202 - - [30/Sep/2025:02:11:00 +0000] "GET / HTTP/1.1" 301 162 "-" "Mozilla/5.0 (compatible; MJ12bot/v2.0.4; http://mj12bot.com/)"
85.208.98.23 - - [30/Sep/2025:02:11:07 +0000] "GET /robots.txt HTTP/1.1" 301 162 "-" "Mozilla/5.0 (compatible; SemrushBot-BA; +http://www.semrush.com/bot.html)"
85.208.98.23 - - [30/Sep/2025:02:12:54 +0000] "GET /robots.txt HTTP/1.1" 301 162 "-" "Mozilla/5.0 (compatible; SemrushBot-BA; +http://www.semrush.com/bot.html)"
185.180.140.101 - - [30/Sep/2025:02:19:19 +0000] "\x16\x03\x01\x00\x9D\x01\x00\x00\x99\x03\x03\x87\xC9{\xE6\xF6\xED\xBE[\x01\x85TQ\xFC\xF0\xF6\x08~\x16o\x09J\xDF\xC9g\x832\xF82\x08\xB2\xE0\x19\x00\x00B\xC0\x11\xC0\x07\xC0\x13\xC0\x09\xC0\x14\xC0" 400 150 "-" "-"
54.196.8.86 - - [30/Sep/2025:02:21:55 +0000] "GET /robots.txt HTTP/1.1" 301 162 "-" "Mozilla/5.0 (Macintosh; Intel Mac OS X 10_15_7) AppleWebKit/537.36 (KHTML, like Gecko) Chrome/108.0.0.0 Safari/537.36"
85.208.98.23 - - [30/Sep/2025:02:25:08 +0000] "GET /robots.txt HTTP/1.1" 301 162 "-" "Mozilla/5.0 (compatible; SemrushBot-BA; +http://www.semrush.com/bot.html)"
37.60.141.156 - - [30/Sep/2025:02:25:28 +0000] "GET / HTTP/1.1" 301 162 "-" "Mozilla/5.0 (Windows NT 10.0; Win64; x64) AppleWebKit/537.36 (KHTML, like Gecko) Chrome/42.0.2311.135 Safari/537.36 Edge/12.246"
178.128.198.202 - - [30/Sep/2025:02:26:06 +0000] "GET / HTTP/1.1" 301 162 "-" "Mozilla/5.0 (X11; Linux x86_64) AppleWebKit/537.36 (KHTML, like Gecko) Chrome/139.0.0.0 Safari/537.36"
178.128.198.202 - - [30/Sep/2025:02:26:07 +0000] "GET /favicon.ico HTTP/1.1" 301 162 "http://speedfeed.net/" "Mozilla/5.0 (X11; Linux x86_64) AppleWebKit/537.36 (KHTML, like Gecko) Chrome/139.0.0.0 Safari/537.36"
54.196.8.86 - - [30/Sep/2025:02:28:27 +0000] "GET / HTTP/1.1" 301 162 "-" "Mozilla/5.0 (Macintosh; Intel Mac OS X 10_15_7) AppleWebKit/537.36 (KHTML, like Gecko) Chrome/108.0.0.0 Safari/537.36"
78.153.140.40 - - [30/Sep/2025:02:30:00 +0000] "GET /.env HTTP/1.1" 301 162 "-" "Mozilla/5.0 (Windows NT 10.0; Win64; x64) AppleWebKit/537.36 (KHTML, like Gecko) Chrome/116.0.5845.140 Safari/537.36"
78.153.140.40 - - [30/Sep/2025:02:30:00 +0000] "POST / HTTP/1.1" 301 162 "-" "Mozilla/5.0 (Windows NT 10.0; Win64; x64) AppleWebKit/537.36 (KHTML, like Gecko) Chrome/116.0.5845.140 Safari/537.36"
54.162.163.192 - - [30/Sep/2025:02:38:55 +0000] "GET /robots.txt HTTP/1.1" 301 162 "-" "Mozilla/5.0 (Macintosh; Intel Mac OS X 10_15_7) AppleWebKit/537.36 (KHTML, like Gecko) Chrome/108.0.0.0 Safari/537.36"
85.208.98.23 - - [30/Sep/2025:02:40:55 +0000] "GET /robots.txt HTTP/1.1" 301 162 "-" "Mozilla/5.0 (compatible; SemrushBot-BA; +http://www.semrush.com/bot.html)"
145.239.10.137 - - [30/Sep/2025:02:41:13 +0000] "GET /wp-control.php HTTP/1.1" 301 162 "http://mywindows.com/wp-control.php" "Mozilla/5.0 (iPhone; CPU iPhone OS 17_5_1 like Mac OS X) AppleWebKit/605.1.15 (KHTML, like Gecko) Version/17.5 Mobile/15E148 Safari/604.1"
87.236.176.130 - - [30/Sep/2025:02:42:01 +0000] "GET / HTTP/1.1" 301 162 "-" "Mozilla/5.0 (compatible; InternetMeasurement/1.0; +https://internet-measurement.com/)"
85.208.98.23 - - [30/Sep/2025:02:44:41 +0000] "GET /robots.txt HTTP/1.1" 301 162 "-" "Mozilla/5.0 (compatible; SemrushBot-BA; +http://www.semrush.com/bot.html)"
54.162.163.192 - - [30/Sep/2025:02:47:42 +0000] "GET / HTTP/1.1" 301 162 "-" "Mozilla/5.0 (Macintosh; Intel Mac OS X 10_15_7) AppleWebKit/537.36 (KHTML, like Gecko) Chrome/108.0.0.0 Safari/537.36"
216.244.66.226 - - [30/Sep/2025:02:48:21 +0000] "GET /robots.txt HTTP/1.1" 301 162 "-" "Mozilla/5.0 (compatible; DotBot/1.2; +https://opensiteexplorer.org/dotbot; help@moz.com)"
43.156.109.53 - - [30/Sep/2025:02:51:20 +0000] "GET / HTTP/1.1" 301 162 "-" "Mozilla/5.0 (iPhone; CPU iPhone OS 13_2_3 like Mac OS X) AppleWebKit/605.1.15 (KHTML, like Gecko) Version/13.0.3 Mobile/15E148 Safari/604.1"
85.208.98.23 - - [30/Sep/2025:02:54:28 +0000] "GET /robots.txt HTTP/1.1" 301 162 "-" "Mozilla/5.0 (compatible; SemrushBot-BA; +http://www.semrush.com/bot.html)"
85.208.98.23 - - [30/Sep/2025:02:58:25 +0000] "GET /robots.txt HTTP/1.1" 301 162 "-" "Mozilla/5.0 (compatible; SemrushBot-BA; +http://www.semrush.com/bot.html)"
48.210.45.29 - - [30/Sep/2025:03:02:57 +0000] "GET //wp-content/plugins/fix/up.php HTTP/1.1" 301 162 "-" "Mozilla/5.0 (Windows NT 10.0; Win64; x64) AppleWebKit/537.36 (KHTML, like Gecko) Chrome/85.0.4183.102 Safari/537.36"
85.208.98.23 - - [30/Sep/2025:03:03:32 +0000] "GET /robots.txt HTTP/1.1" 301 162 "-" "Mozilla/5.0 (compatible; SemrushBot-BA; +http://www.semrush.com/bot.html)"
43.135.211.148 - - [30/Sep/2025:03:04:45 +0000] "GET / HTTP/1.1" 301 162 "-" "Mozilla/5.0 (iPhone; CPU iPhone OS 13_2_3 like Mac OS X) AppleWebKit/605.1.15 (KHTML, like Gecko) Version/13.0.3 Mobile/15E148 Safari/604.1"
43.130.32.245 - - [30/Sep/2025:03:07:44 +0000] "GET / HTTP/1.1" 301 162 "-" "Mozilla/5.0 (iPhone; CPU iPhone OS 13_2_3 like Mac OS X) AppleWebKit/605.1.15 (KHTML, like Gecko) Version/13.0.3 Mobile/15E148 Safari/604.1"
85.208.98.23 - - [30/Sep/2025:03:11:15 +0000] "GET /robots.txt HTTP/1.1" 301 162 "-" "Mozilla/5.0 (compatible; SemrushBot-BA; +http://www.semrush.com/bot.html)"
95.179.133.32 - - [30/Sep/2025:03:12:40 +0000] "GET /admin/config.php HTTP/1.0" 301 162 "-" "xfa1"
85.208.98.23 - - [30/Sep/2025:03:19:24 +0000] "GET /robots.txt HTTP/1.1" 301 162 "-" "Mozilla/5.0 (compatible; SemrushBot-BA; +http://www.semrush.com/bot.html)"
85.208.98.23 - - [30/Sep/2025:03:20:29 +0000] "GET /robots.txt HTTP/1.1" 301 162 "-" "Mozilla/5.0 (compatible; SemrushBot-BA; +http://www.semrush.com/bot.html)"
37.60.141.156 - - [30/Sep/2025:03:23:13 +0000] "GET /cgi-bin/luci/;stok=/locale HTTP/1.1" 301 162 "-" "-"
43.135.135.57 - - [30/Sep/2025:03:23:57 +0000] "GET / HTTP/1.1" 301 162 "-" "Mozilla/5.0 (iPhone; CPU iPhone OS 13_2_3 like Mac OS X) AppleWebKit/605.1.15 (KHTML, like Gecko) Version/13.0.3 Mobile/15E148 Safari/604.1"
85.208.98.23 - - [30/Sep/2025:03:24:18 +0000] "GET /robots.txt HTTP/1.1" 301 162 "-" "Mozilla/5.0 (compatible; SemrushBot-BA; +http://www.semrush.com/bot.html)"
85.208.98.23 - - [30/Sep/2025:03:24:47 +0000] "GET /robots.txt HTTP/1.1" 301 162 "-" "Mozilla/5.0 (compatible; SemrushBot-BA; +http://www.semrush.com/bot.html)"
85.208.98.23 - - [30/Sep/2025:03:26:22 +0000] "GET /robots.txt HTTP/1.1" 301 162 "-" "Mozilla/5.0 (compatible; SemrushBot-BA; +http://www.semrush.com/bot.html)"
43.173.177.230 - - [30/Sep/2025:03:27:56 +0000] "GET /relanding/form2.htm HTTP/1.1" 301 162 "-" "Mozilla/5.0 (Windows NT 6.1; Win64; x64) AppleWebKit/537.36 (KHTML, like Gecko) Chrome/126.0.6478.114 Safari/537.36"
43.173.176.223 - - [30/Sep/2025:03:27:58 +0000] "GET /relanding/css/public-site.css HTTP/1.1" 301 162 "http://mywindows.com/relanding/form2.htm" "Mozilla/5.0 (Windows NT 6.1; Win64; x64) AppleWebKit/537.36 (KHTML, like Gecko) Chrome/126.0.6478.114 Safari/537.36"
43.173.177.73 - - [30/Sep/2025:03:28:08 +0000] "GET /relanding/css/public-site.css HTTP/1.1" 301 162 "http://mywindows.com/relanding/form2.htm" "Mozilla/5.0 (Windows NT 6.1; Win64; x64) AppleWebKit/537.36 (KHTML, like Gecko) Chrome/126.0.6478.114 Safari/537.36"
85.208.98.23 - - [30/Sep/2025:03:30:19 +0000] "GET /robots.txt HTTP/1.1" 301 162 "-" "Mozilla/5.0 (compatible; SemrushBot-BA; +http://www.semrush.com/bot.html)"
85.208.98.23 - - [30/Sep/2025:03:31:12 +0000] "GET /robots.txt HTTP/1.1" 301 162 "-" "Mozilla/5.0 (compatible; SemrushBot-BA; +http://www.semrush.com/bot.html)"
217.58.13.182 - - [30/Sep/2025:03:33:11 +0000] "GET / HTTP/1.0" 301 162 "-" "-"
85.208.98.23 - - [30/Sep/2025:03:34:15 +0000] "GET /robots.txt HTTP/1.1" 301 162 "-" "Mozilla/5.0 (compatible; SemrushBot-BA; +http://www.semrush.com/bot.html)"
85.208.98.23 - - [30/Sep/2025:03:37:29 +0000] "GET /robots.txt HTTP/1.1" 301 162 "-" "Mozilla/5.0 (compatible; SemrushBot-BA; +http://www.semrush.com/bot.html)"
216.244.66.240 - - [30/Sep/2025:03:37:29 +0000] "GET /robots.txt HTTP/1.1" 301 162 "-" "Mozilla/5.0 (compatible; DotBot/1.2; +https://opensiteexplorer.org/dotbot; help@moz.com)"
85.208.98.23 - - [30/Sep/2025:03:41:33 +0000] "GET /robots.txt HTTP/1.1" 301 162 "-" "Mozilla/5.0 (compatible; SemrushBot-BA; +http://www.semrush.com/bot.html)"
216.244.66.226 - - [30/Sep/2025:03:41:36 +0000] "GET /robots.txt HTTP/1.1" 301 162 "-" "Mozilla/5.0 (compatible; DotBot/1.2; +https://opensiteexplorer.org/dotbot; help@moz.com)"
165.227.100.212 - - [30/Sep/2025:03:41:41 +0000] "GET /robots.txt HTTP/1.0" 301 162 "-" "xfa1"
35.196.144.185 - - [30/Sep/2025:03:45:55 +0000] "GET /media/system/js/core.js HTTP/1.1" 301 162 "-" "Mozilla/5.0 (Macintosh; Intel Mac OS X 10_10_1) AppleWebKit/537.36 (KHTML, like Gecko) Chrome/39.0.2171.95 Safari/537.36"
35.196.144.185 - - [30/Sep/2025:03:45:55 +0000] "GET /wp-includes/js/jquery/jquery.js HTTP/1.1" 301 162 "-" "Mozilla/5.0 (Macintosh; Intel Mac OS X 10_10_1) AppleWebKit/537.36 (KHTML, like Gecko) Chrome/39.0.2171.95 Safari/537.36"
85.208.98.23 - - [30/Sep/2025:03:56:37 +0000] "GET /robots.txt HTTP/1.1" 301 162 "-" "Mozilla/5.0 (compatible; SemrushBot-BA; +http://www.semrush.com/bot.html)"
45.149.173.227 - - [30/Sep/2025:03:58:07 +0000] "GET / HTTP/1.1" 301 162 "-" "Mozilla/5.0 (Windows NT 10.0; Win64; x64) AppleWebKit/537.36 (KHTML, like Gecko) Chrome/78.0.3904.108 Safari/537.36"
45.149.173.227 - - [30/Sep/2025:03:58:07 +0000] "" 400 0 "-" "-"
85.208.98.23 - - [30/Sep/2025:03:58:31 +0000] "GET /robots.txt HTTP/1.1" 301 162 "-" "Mozilla/5.0 (compatible; SemrushBot-BA; +http://www.semrush.com/bot.html)"
85.208.98.23 - - [30/Sep/2025:04:00:51 +0000] "GET /robots.txt HTTP/1.1" 301 162 "-" "Mozilla/5.0 (compatible; SemrushBot-BA; +http://www.semrush.com/bot.html)"
198.235.24.131 - - [30/Sep/2025:04:01:23 +0000] "\x16\x03\x01\x00\xCA\x01\x00\x00\xC6\x03\x034Gc\x97\xAB\xA4-QQ\xF3\x1A\xA83\x7Fd\xF1R\x14\x18%\xA0$\x0F" 400 150 "-" "-"
198.235.24.131 - - [30/Sep/2025:04:01:23 +0000] "\x16\x03\x01\x00\xEE\x01\x00\x00\xEA\x03\x03\xE7\xE0\x84\xA7\xE4\xE4\x14\xC5`\x9F\xC6\xBD[y\xAA\x5C\x9E\xD9C\x86\xD8P\x96\xE5bQl\xBC\x9D\xB9\xD9\xE0 \x96\xA7K\x8F\xC2\x147\xEB\xC2q'\x19`R\xBE;\xAEr" 400 150 "-" "-"
204.76.203.219 - - [30/Sep/2025:04:02:33 +0000] "GET / HTTP/1.1" 301 162 "-" "Mozilla/5.0 (Windows NT 10.0; Win64; x64) AppleWebKit/537.36 (KHTML, like Gecko) Chrome/90.0.4430.85 Safari/537.36 Edg/90.0.818.46"
204.76.203.18 - - [30/Sep/2025:04:04:05 +0000] "GET /backup/ HTTP/1.1" 301 162 "-" "-"
43.155.129.131 - - [30/Sep/2025:04:07:17 +0000] "GET / HTTP/1.1" 301 162 "-" "Mozilla/5.0 (iPhone; CPU iPhone OS 13_2_3 like Mac OS X) AppleWebKit/605.1.15 (KHTML, like Gecko) Version/13.0.3 Mobile/15E148 Safari/604.1"
170.106.72.93 - - [30/Sep/2025:04:11:11 +0000] "GET / HTTP/1.1" 301 162 "-" "Mozilla/5.0 (iPhone; CPU iPhone OS 13_2_3 like Mac OS X) AppleWebKit/605.1.15 (KHTML, like Gecko) Version/13.0.3 Mobile/15E148 Safari/604.1"
85.208.98.23 - - [30/Sep/2025:04:14:14 +0000] "GET /robots.txt HTTP/1.1" 301 162 "-" "Mozilla/5.0 (compatible; SemrushBot-BA; +http://www.semrush.com/bot.html)"
78.153.140.40 - - [30/Sep/2025:04:14:38 +0000] "GET /.env HTTP/1.1" 301 162 "-" "Mozilla/5.0 (Windows NT 10.0; Win64; x64) AppleWebKit/537.36 (KHTML, like Gecko) Chrome/116.0.5845.140 Safari/537.36"
78.153.140.40 - - [30/Sep/2025:04:14:38 +0000] "POST / HTTP/1.1" 301 162 "-" "Mozilla/5.0 (Windows NT 10.0; Win64; x64) AppleWebKit/537.36 (KHTML, like Gecko) Chrome/116.0.5845.140 Safari/537.36"
170.106.72.178 - - [30/Sep/2025:04:18:13 +0000] "GET / HTTP/1.1" 301 162 "-" "Mozilla/5.0 (iPhone; CPU iPhone OS 13_2_3 like Mac OS X) AppleWebKit/605.1.15 (KHTML, like Gecko) Version/13.0.3 Mobile/15E148 Safari/604.1"
18.209.67.252 - - [30/Sep/2025:04:22:26 +0000] "GET / HTTP/1.1" 301 162 "-" "Mozilla/5.0 (Windows NT 10.0; Win64; x64) AppleWebKit/537.36 (KHTML, like Gecko) Chrome/86.0.4240.75 Safari/537.36"
125.94.144.102 - - [30/Sep/2025:04:22:27 +0000] "GET / HTTP/1.1" 301 162 "-" "Mozilla/5.0 (iPhone; CPU iPhone OS 13_2_3 like Mac OS X) AppleWebKit/605.1.15 (KHTML, like Gecko) Version/13.0.3 Mobile/15E148 Safari/604.1"
85.208.98.23 - - [30/Sep/2025:04:23:44 +0000] "GET /robots.txt HTTP/1.1" 301 162 "-" "Mozilla/5.0 (compatible; SemrushBot-BA; +http://www.semrush.com/bot.html)"
85.208.98.23 - - [30/Sep/2025:04:25:44 +0000] "GET /robots.txt HTTP/1.1" 301 162 "-" "Mozilla/5.0 (compatible; SemrushBot-BA; +http://www.semrush.com/bot.html)"
34.75.15.162 - - [30/Sep/2025:04:26:58 +0000] "GET /media/system/js/core.js HTTP/1.1" 301 162 "-" "Mozilla/5.0 (Macintosh; Intel Mac OS X 10_10_1) AppleWebKit/537.36 (KHTML, like Gecko) Chrome/39.0.2171.95 Safari/537.36"
34.75.15.162 - - [30/Sep/2025:04:26:58 +0000] "GET /wp-includes/js/jquery/jquery.js HTTP/1.1" 301 162 "-" "Mozilla/5.0 (Macintosh; Intel Mac OS X 10_10_1) AppleWebKit/537.36 (KHTML, like Gecko) Chrome/39.0.2171.95 Safari/537.36"
85.208.98.23 - - [30/Sep/2025:04:27:00 +0000] "GET /robots.txt HTTP/1.1" 301 162 "-" "Mozilla/5.0 (compatible; SemrushBot-BA; +http://www.semrush.com/bot.html)"
85.208.98.23 - - [30/Sep/2025:04:32:40 +0000] "GET /robots.txt HTTP/1.1" 301 162 "-" "Mozilla/5.0 (compatible; SemrushBot-BA; +http://www.semrush.com/bot.html)"
216.244.66.226 - - [30/Sep/2025:04:34:57 +0000] "GET /robots.txt HTTP/1.1" 301 162 "-" "Mozilla/5.0 (compatible; DotBot/1.2; +https://opensiteexplorer.org/dotbot; help@moz.com)"
45.82.78.105 - - [30/Sep/2025:04:35:15 +0000] "\x16\x03\x01\x05\xA8\x01\x00\x05\xA4\x03\x03\xA7\xB2sU\x81RLJO\xDE\xF0\xF9\xE9$\x22\xBB\x98\x7F'\x10&\xE8\xF1\x1C\xA4u\xE3Yu\xEB\xCC\xDE \xD9\x08\x04\x92\xF7\x8E\xD7\xA6D" 400 150 "-" "-"
45.82.78.105 - - [30/Sep/2025:04:35:26 +0000] "\x16\x03\x01\x05\xA8\x01\x00\x05\xA4\x03\x03\x0B7\xC9\xBBk\x1D\xBB9J\xE7\x1BkS8\x8E\xFF\x15\xE6+\x01k\xA1F\x00\x9B\xD8\x10\x04\xFF\xAEV\xF5 ?\xF5s\xCEk\xDFo-\xBA\xF9\xF8i\x84\x97\x83#\xD8\xF3\x8B2\x86\xCC\xBF\xE8*\xED\xBB\xB6\x03\x5C\x9E\x16\x00\x1A\xC0+\xC0/\xC0,\xC00\xCC\xA9\xCC\xA8\xC0\x09\xC0\x13\xC0" 400 150 "-" "-"
45.82.78.105 - - [30/Sep/2025:04:35:26 +0000] "GET / HTTP/1.1" 301 162 "-" "Mozilla/5.0 (Macintosh; Intel Mac OS X 10_15_7) AppleWebKit/537.36 (KHTML, like Gecko) Chrome/122.0.0.0 Safari/537.36"
45.82.78.113 - - [30/Sep/2025:04:35:28 +0000] "GET /favicon.ico HTTP/1.1" 301 162 "http://143.244.189.14/" "Mozilla/5.0 (X11; Linux x86_64; rv:109.0) Gecko/20100101 Firefox/114.0"
45.131.155.100 - - [30/Sep/2025:04:35:29 +0000] "GET / HTTP/1.1" 301 162 "-" "Mozilla/5.0 (Macintosh; Intel Mac OS X 10_15_7) AppleWebKit/537.36 (KHTML, like Gecko) Chrome/128.0.0.0 Safari/537.36"
45.131.155.100 - - [30/Sep/2025:04:35:29 +0000] "GET / HTTP/1.1" 301 162 "-" "Mozilla/5.0 (Windows NT 10.0; Win64; x64) AppleWebKit/537.36 (KHTML, like Gecko) Chrome/141.0.0.0 Safari/537.36"
45.131.155.100 - - [30/Sep/2025:04:35:29 +0000] "GET / HTTP/1.1" 301 162 "-" "Mozilla/5.0 (Windows NT 10.0; Win64; x64) AppleWebKit/537.36 (KHTML, like Gecko) Chrome/120.0.0.0 Safari/537.36"
45.131.155.100 - - [30/Sep/2025:04:35:29 +0000] "GET / HTTP/1.1" 301 162 "-" "Mozilla/5.0 (X11; Linux x86_64) AppleWebKit/537.36 (KHTML, like Gecko) Chrome/122.0.0.0 Safari/537.36"
45.131.155.100 - - [30/Sep/2025:04:35:29 +0000] "GET / HTTP/1.1" 301 162 "-" "Mozilla/5.0 (X11; Linux x86_64) AppleWebKit/537.36 (KHTML, like Gecko) Chrome/136.0.0.0 Safari/537.36"
45.131.155.100 - - [30/Sep/2025:04:35:29 +0000] "GET / HTTP/1.1" 301 162 "-" "Mozilla/5.0 (Windows NT 10.0; Win64; x64) AppleWebKit/537.36 (KHTML, like Gecko) Chrome/133.0.0.0 Safari/537.36"
85.208.98.23 - - [30/Sep/2025:04:38:48 +0000] "GET /robots.txt HTTP/1.1" 301 162 "-" "Mozilla/5.0 (compatible; SemrushBot-BA; +http://www.semrush.com/bot.html)"
37.60.141.156 - - [30/Sep/2025:04:39:35 +0000] "GET / HTTP/1.1" 301 162 "-" "Mozilla/5.0 (Windows NT 10.0; Win64; x64) AppleWebKit/537.36 (KHTML, like Gecko) Chrome/42.0.2311.135 Safari/537.36 Edge/12.246"
195.178.110.155 - - [30/Sep/2025:04:44:44 +0000] "GET /.git/config HTTP/1.1" 301 162 "-" "Go-http-client/1.1"
85.208.98.23 - - [30/Sep/2025:04:46:39 +0000] "GET /robots.txt HTTP/1.1" 301 162 "-" "Mozilla/5.0 (compatible; SemrushBot-BA; +http://www.semrush.com/bot.html)"
85.208.98.23 - - [30/Sep/2025:04:47:47 +0000] "GET /robots.txt HTTP/1.1" 301 162 "-" "Mozilla/5.0 (compatible; SemrushBot-BA; +http://www.semrush.com/bot.html)"
85.208.98.23 - - [30/Sep/2025:04:49:00 +0000] "GET /robots.txt HTTP/1.1" 301 162 "-" "Mozilla/5.0 (compatible; SemrushBot-BA; +http://www.semrush.com/bot.html)"
222.79.103.59 - - [30/Sep/2025:04:52:35 +0000] "GET / HTTP/1.1" 301 162 "-" "Mozilla/5.0 (iPhone; CPU iPhone OS 13_2_3 like Mac OS X) AppleWebKit/605.1.15 (KHTML, like Gecko) Version/13.0.3 Mobile/15E148 Safari/604.1"
204.76.203.212 - - [30/Sep/2025:04:56:51 +0000] "GET / HTTP/1.1" 301 162 "-" "Mozilla/5.0 (Windows NT 10.0; Win64; x64) AppleWebKit/537.36 (KHTML, like Gecko) Chrome/90.0.4430.85 Safari/537.36 Edg/90.0.818.46"
85.208.98.23 - - [30/Sep/2025:04:58:48 +0000] "GET /robots.txt HTTP/1.1" 301 162 "-" "Mozilla/5.0 (compatible; SemrushBot-BA; +http://www.semrush.com/bot.html)"
44.199.235.190 - - [30/Sep/2025:05:00:19 +0000] "GET / HTTP/1.1" 301 162 "-" "Mozilla/5.0 (Windows NT 10.0; Win64; x64) AppleWebKit/537.36 (KHTML, like Gecko) Chrome/125.0.0.0 Safari/537.36"
85.208.98.23 - - [30/Sep/2025:05:00:25 +0000] "GET /robots.txt HTTP/1.1" 301 162 "-" "Mozilla/5.0 (compatible; SemrushBot-BA; +http://www.semrush.com/bot.html)"
37.60.141.156 - - [30/Sep/2025:05:00:37 +0000] "GET /cgi-bin/luci/;stok=/locale HTTP/1.1" 301 162 "-" "-"
85.208.98.23 - - [30/Sep/2025:05:01:14 +0000] "GET /robots.txt HTTP/1.1" 301 162 "-" "Mozilla/5.0 (compatible; SemrushBot-BA; +http://www.semrush.com/bot.html)"
34.76.232.30 - - [30/Sep/2025:05:04:19 +0000] "GET / HTTP/1.1" 301 162 "-" "python-requests/2.32.5"
34.148.63.228 - - [30/Sep/2025:05:05:07 +0000] "GET /media/system/js/core.js HTTP/1.1" 301 162 "-" "Mozilla/5.0 (Macintosh; Intel Mac OS X 10_10_1) AppleWebKit/537.36 (KHTML, like Gecko) Chrome/39.0.2171.95 Safari/537.36"
34.148.63.228 - - [30/Sep/2025:05:05:07 +0000] "GET /wp-includes/js/jquery/jquery.js HTTP/1.1" 301 162 "-" "Mozilla/5.0 (Macintosh; Intel Mac OS X 10_10_1) AppleWebKit/537.36 (KHTML, like Gecko) Chrome/39.0.2171.95 Safari/537.36"
34.148.63.228 - - [30/Sep/2025:05:06:34 +0000] "GET /media/system/js/core.js HTTP/1.1" 301 162 "-" "Mozilla/5.0 (Macintosh; Intel Mac OS X 10_10_1) AppleWebKit/537.36 (KHTML, like Gecko) Chrome/39.0.2171.95 Safari/537.36"
34.148.63.228 - - [30/Sep/2025:05:06:35 +0000] "GET /wp-includes/js/jquery/jquery.js HTTP/1.1" 301 162 "-" "Mozilla/5.0 (Macintosh; Intel Mac OS X 10_10_1) AppleWebKit/537.36 (KHTML, like Gecko) Chrome/39.0.2171.95 Safari/537.36"
52.167.144.55 - - [30/Sep/2025:05:07:52 +0000] "GET /robots.txt HTTP/1.1" 301 162 "-" "Mozilla/5.0 AppleWebKit/537.36 (KHTML, like Gecko; compatible; bingbot/2.0; +http://www.bing.com/bingbot.htm) Chrome/116.0.1938.76 Safari/537.36"
207.46.13.64 - - [30/Sep/2025:05:07:54 +0000] "GET / HTTP/1.1" 301 162 "-" "Mozilla/5.0 AppleWebKit/537.36 (KHTML, like Gecko; compatible; bingbot/2.0; +http://www.bing.com/bingbot.htm) Chrome/116.0.1938.76 Safari/537.36"
85.208.98.23 - - [30/Sep/2025:05:08:37 +0000] "GET /robots.txt HTTP/1.1" 301 162 "-" "Mozilla/5.0 (compatible; SemrushBot-BA; +http://www.semrush.com/bot.html)"
85.208.98.23 - - [30/Sep/2025:05:12:08 +0000] "GET /robots.txt HTTP/1.1" 301 162 "-" "Mozilla/5.0 (compatible; SemrushBot-BA; +http://www.semrush.com/bot.html)"
45.83.31.85 - - [30/Sep/2025:05:12:19 +0000] "GET / HTTP/1.1" 301 162 "-" "Mozilla/5.0 (Windows NT 10.0; Win64; x64) AppleWebKit/537.36 (KHTML, like Gecko) Chrome/58.0.3029.110 Safari/537.3"
129.28.14.231 - - [30/Sep/2025:05:13:32 +0000] "GET / HTTP/1.1" 301 162 "-" "Mozilla/5.0 (iPhone; CPU iPhone OS 13_2_3 like Mac OS X) AppleWebKit/605.1.15 (KHTML, like Gecko) Version/13.0.3 Mobile/15E148 Safari/604.1"
85.208.98.23 - - [30/Sep/2025:05:13:47 +0000] "GET /robots.txt HTTP/1.1" 301 162 "-" "Mozilla/5.0 (compatible; SemrushBot-BA; +http://www.semrush.com/bot.html)"
130.33.66.108 - - [30/Sep/2025:05:16:11 +0000] "GET /wp-content/plugins/hellopress/wp_filemanager.php HTTP/1.1" 301 162 "-" "-"
130.33.66.108 - - [30/Sep/2025:05:16:12 +0000] "GET /shoha.php HTTP/1.1" 301 162 "-" "-"
130.33.66.108 - - [30/Sep/2025:05:16:12 +0000] "GET /mr.php HTTP/1.1" 301 162 "-" "-"
130.33.66.108 - - [30/Sep/2025:05:16:12 +0000] "GET /pm.php HTTP/1.1" 301 162 "-" "-"
130.33.66.108 - - [30/Sep/2025:05:16:12 +0000] "GET /vxrl.php HTTP/1.1" 301 162 "-" "-"
130.33.66.108 - - [30/Sep/2025:05:16:13 +0000] "GET /shorw.php HTTP/1.1" 301 162 "-" "-"
130.33.66.108 - - [30/Sep/2025:05:16:13 +0000] "GET /gifclass.php HTTP/1.1" 301 162 "-" "-"
130.33.66.108 - - [30/Sep/2025:05:16:13 +0000] "GET /orm.php HTTP/1.1" 301 162 "-" "-"
130.33.66.108 - - [30/Sep/2025:05:16:13 +0000] "GET /gmo.php HTTP/1.1" 301 162 "-" "-"
130.33.66.108 - - [30/Sep/2025:05:16:13 +0000] "GET /ioxi2.php HTTP/1.1" 301 162 "-" "-"
130.33.66.108 - - [30/Sep/2025:05:16:14 +0000] "GET /MARIJUANA.php HTTP/1.1" 301 162 "-" "-"
130.33.66.108 - - [30/Sep/2025:05:16:14 +0000] "GET /file17.php HTTP/1.1" 301 162 "-" "-"
130.33.66.108 - - [30/Sep/2025:05:16:14 +0000] "GET /H.php HTTP/1.1" 301 162 "-" "-"
130.33.66.108 - - [30/Sep/2025:05:16:14 +0000] "GET /zcxb.php HTTP/1.1" 301 162 "-" "-"
130.33.66.108 - - [30/Sep/2025:05:16:14 +0000] "GET /wpls.php HTTP/1.1" 301 162 "-" "-"
130.33.66.108 - - [30/Sep/2025:05:16:15 +0000] "GET /testas.php HTTP/1.1" 301 162 "-" "-"
130.33.66.108 - - [30/Sep/2025:05:16:15 +0000] "GET /nope.php HTTP/1.1" 301 162 "-" "-"
130.33.66.108 - - [30/Sep/2025:05:16:15 +0000] "GET /reyna.php HTTP/1.1" 301 162 "-" "-"
130.33.66.108 - - [30/Sep/2025:05:16:15 +0000] "GET /ma1.php HTTP/1.1" 301 162 "-" "-"
130.33.66.108 - - [30/Sep/2025:05:16:16 +0000] "GET /bypltspd.php HTTP/1.1" 301 162 "-" "-"
130.33.66.108 - - [30/Sep/2025:05:16:16 +0000] "GET /aaa.php HTTP/1.1" 301 162 "-" "-"
130.33.66.108 - - [30/Sep/2025:05:16:16 +0000] "GET /wp-xx.php HTTP/1.1" 301 162 "-" "-"
130.33.66.108 - - [30/Sep/2025:05:16:16 +0000] "GET /wp-xm.php HTTP/1.1" 301 162 "-" "-"
130.33.66.108 - - [30/Sep/2025:05:16:16 +0000] "GET /zeal.php HTTP/1.1" 301 162 "-" "-"
130.33.66.108 - - [30/Sep/2025:05:16:17 +0000] "GET /h8h9.php HTTP/1.1" 301 162 "-" "-"
130.33.66.108 - - [30/Sep/2025:05:16:17 +0000] "GET /zasd.php HTTP/1.1" 301 162 "-" "-"
130.33.66.108 - - [30/Sep/2025:05:16:17 +0000] "GET /xzs.php HTTP/1.1" 301 162 "-" "-"
130.33.66.108 - - [30/Sep/2025:05:16:17 +0000] "GET /yep.php HTTP/1.1" 301 162 "-" "-"
130.33.66.108 - - [30/Sep/2025:05:16:17 +0000] "GET /des.php HTTP/1.1" 301 162 "-" "-"
130.33.66.108 - - [30/Sep/2025:05:16:18 +0000] "GET /xex.php HTTP/1.1" 301 162 "-" "-"
130.33.66.108 - - [30/Sep/2025:05:16:18 +0000] "GET /tox.php HTTP/1.1" 301 162 "-" "-"
130.33.66.108 - - [30/Sep/2025:05:16:18 +0000] "GET /racs3.php HTTP/1.1" 301 162 "-" "-"
130.33.66.108 - - [30/Sep/2025:05:16:18 +0000] "GET /wp-cliner.php HTTP/1.1" 301 162 "-" "-"
130.33.66.108 - - [30/Sep/2025:05:16:18 +0000] "GET /law.php HTTP/1.1" 301 162 "-" "-"
130.33.66.108 - - [30/Sep/2025:05:16:19 +0000] "GET /moo.php HTTP/1.1" 301 162 "-" "-"
130.33.66.108 - - [30/Sep/2025:05:16:19 +0000] "GET /89.php HTTP/1.1" 301 162 "-" "-"
130.33.66.108 - - [30/Sep/2025:05:16:19 +0000] "GET /noe.php HTTP/1.1" 301 162 "-" "-"
130.33.66.108 - - [30/Sep/2025:05:16:19 +0000] "GET /fe5.php HTTP/1.1" 301 162 "-" "-"
130.33.66.108 - - [30/Sep/2025:05:16:20 +0000] "GET /gg.php HTTP/1.1" 301 162 "-" "-"
130.33.66.108 - - [30/Sep/2025:05:16:20 +0000] "GET /fresh3.php HTTP/1.1" 301 162 "-" "-"
130.33.66.108 - - [30/Sep/2025:05:16:20 +0000] "GET /mo.php HTTP/1.1" 301 162 "-" "-"
130.33.66.108 - - [30/Sep/2025:05:16:20 +0000] "GET /6erg.php HTTP/1.1" 301 162 "-" "-"
130.33.66.108 - - [30/Sep/2025:05:16:20 +0000] "GET /rsnu.php HTTP/1.1" 301 162 "-" "-"
130.33.66.108 - - [30/Sep/2025:05:16:21 +0000] "GET /card.php HTTP/1.1" 301 162 "-" "-"
130.33.66.108 - - [30/Sep/2025:05:16:21 +0000] "GET /aa17.php HTTP/1.1" 301 162 "-" "-"
130.33.66.108 - - [30/Sep/2025:05:16:21 +0000] "GET /admi.php HTTP/1.1" 301 162 "-" "-"
130.33.66.108 - - [30/Sep/2025:05:16:21 +0000] "GET /note.php HTTP/1.1" 301 162 "-" "-"
130.33.66.108 - - [30/Sep/2025:05:16:21 +0000] "GET /png.php HTTP/1.1" 301 162 "-" "-"
130.33.66.108 - - [30/Sep/2025:05:16:22 +0000] "GET /ava.php HTTP/1.1" 301 162 "-" "-"
130.33.66.108 - - [30/Sep/2025:05:16:22 +0000] "GET /resp.php HTTP/1.1" 301 162 "-" "-"
130.33.66.108 - - [30/Sep/2025:05:16:22 +0000] "GET /algox.php HTTP/1.1" 301 162 "-" "-"
130.33.66.108 - - [30/Sep/2025:05:16:22 +0000] "GET /v2.php HTTP/1.1" 301 162 "-" "-"
130.33.66.108 - - [30/Sep/2025:05:16:23 +0000] "GET /hb02ugyh.php HTTP/1.1" 301 162 "-" "-"
130.33.66.108 - - [30/Sep/2025:05:16:23 +0000] "GET /sxb.php HTTP/1.1" 301 162 "-" "-"
130.33.66.108 - - [30/Sep/2025:05:16:23 +0000] "GET /gm.php HTTP/1.1" 301 162 "-" "-"
130.33.66.108 - - [30/Sep/2025:05:16:23 +0000] "GET /jga.php HTTP/1.1" 301 162 "-" "-"
130.33.66.108 - - [30/Sep/2025:05:16:23 +0000] "GET /file5.php HTTP/1.1" 301 162 "-" "-"
130.33.66.108 - - [30/Sep/2025:05:16:24 +0000] "GET /miansha.php HTTP/1.1" 301 162 "-" "-"
130.33.66.108 - - [30/Sep/2025:05:16:24 +0000] "GET /mjq.php HTTP/1.1" 301 162 "-" "-"
130.33.66.108 - - [30/Sep/2025:05:16:24 +0000] "GET /yasnu.php HTTP/1.1" 301 162 "-" "-"
130.33.66.108 - - [30/Sep/2025:05:16:24 +0000] "GET /yanki.php HTTP/1.1" 301 162 "-" "-"
130.33.66.108 - - [30/Sep/2025:05:16:24 +0000] "GET /elf.php HTTP/1.1" 301 162 "-" "-"
130.33.66.108 - - [30/Sep/2025:05:16:25 +0000] "GET /7wom.php HTTP/1.1" 301 162 "-" "-"
130.33.66.108 - - [30/Sep/2025:05:16:25 +0000] "GET /new4.php HTTP/1.1" 301 162 "-" "-"
130.33.66.108 - - [30/Sep/2025:05:16:25 +0000] "GET /pola.php HTTP/1.1" 301 162 "-" "-"
130.33.66.108 - - [30/Sep/2025:05:16:25 +0000] "GET /mbg.php HTTP/1.1" 301 162 "-" "-"
130.33.66.108 - - [30/Sep/2025:05:16:25 +0000] "GET /1a.php HTTP/1.1" 301 162 "-" "-"
130.33.66.108 - - [30/Sep/2025:05:16:26 +0000] "GET /karak.php HTTP/1.1" 301 162 "-" "-"
130.33.66.108 - - [30/Sep/2025:05:16:26 +0000] "GET /loli.php HTTP/1.1" 301 162 "-" "-"
130.33.66.108 - - [30/Sep/2025:05:16:26 +0000] "GET /667.php HTTP/1.1" 301 162 "-" "-"
130.33.66.108 - - [30/Sep/2025:05:16:26 +0000] "GET /a2.php HTTP/1.1" 301 162 "-" "-"
130.33.66.108 - - [30/Sep/2025:05:16:27 +0000] "GET /ertg.php HTTP/1.1" 301 162 "-" "-"
130.33.66.108 - - [30/Sep/2025:05:16:27 +0000] "GET /jlex3.php HTTP/1.1" 301 162 "-" "-"
130.33.66.108 - - [30/Sep/2025:05:16:27 +0000] "GET /cool.php HTTP/1.1" 301 162 "-" "-"
130.33.66.108 - - [30/Sep/2025:05:16:27 +0000] "GET /13.php HTTP/1.1" 301 162 "-" "-"
130.33.66.108 - - [30/Sep/2025:05:16:27 +0000] "GET /lol.php HTTP/1.1" 301 162 "-" "-"
130.33.66.108 - - [30/Sep/2025:05:16:28 +0000] "GET /iov.php HTTP/1.1" 301 162 "-" "-"
130.33.66.108 - - [30/Sep/2025:05:16:28 +0000] "GET /bolt.php HTTP/1.1" 301 162 "-" "-"
130.33.66.108 - - [30/Sep/2025:05:16:28 +0000] "GET /as4AaPasd.php HTTP/1.1" 301 162 "-" "-"
130.33.66.108 - - [30/Sep/2025:05:16:28 +0000] "GET /w3llstore.php HTTP/1.1" 301 162 "-" "-"
130.33.66.108 - - [30/Sep/2025:05:16:28 +0000] "GET /shell20250630.php HTTP/1.1" 301 162 "-" "-"
130.33.66.108 - - [30/Sep/2025:05:16:29 +0000] "GET /aaaa.php HTTP/1.1" 301 162 "-" "-"
130.33.66.108 - - [30/Sep/2025:05:16:29 +0000] "GET /css.php HTTP/1.1" 301 162 "-" "-"
130.33.66.108 - - [30/Sep/2025:05:16:29 +0000] "GET /.lajuju.php HTTP/1.1" 301 162 "-" "-"
130.33.66.108 - - [30/Sep/2025:05:16:29 +0000] "GET /wp-gr.php HTTP/1.1" 301 162 "-" "-"
130.33.66.108 - - [30/Sep/2025:05:16:30 +0000] "GET /ffile.php HTTP/1.1" 301 162 "-" "-"
130.33.66.108 - - [30/Sep/2025:05:16:30 +0000] "GET /trd.php HTTP/1.1" 301 162 "-" "-"
130.33.66.108 - - [30/Sep/2025:05:16:30 +0000] "GET /goh.php HTTP/1.1" 301 162 "-" "-"
130.33.66.108 - - [30/Sep/2025:05:16:30 +0000] "GET /class-t.api.php HTTP/1.1" 301 162 "-" "-"
130.33.66.108 - - [30/Sep/2025:05:16:30 +0000] "GET /tcp.php HTTP/1.1" 301 162 "-" "-"
130.33.66.108 - - [30/Sep/2025:05:16:31 +0000] "GET /ioxi.php HTTP/1.1" 301 162 "-" "-"
130.33.66.108 - - [30/Sep/2025:05:16:31 +0000] "GET /jmfi2.php HTTP/1.1" 301 162 "-" "-"
85.208.98.23 - - [30/Sep/2025:05:18:46 +0000] "GET /robots.txt HTTP/1.1" 301 162 "-" "Mozilla/5.0 (compatible; SemrushBot-BA; +http://www.semrush.com/bot.html)"
85.208.98.23 - - [30/Sep/2025:05:23:43 +0000] "GET /robots.txt HTTP/1.1" 301 162 "-" "Mozilla/5.0 (compatible; SemrushBot-BA; +http://www.semrush.com/bot.html)"
85.208.98.23 - - [30/Sep/2025:05:23:52 +0000] "GET /robots.txt HTTP/1.1" 301 162 "-" "Mozilla/5.0 (compatible; SemrushBot-BA; +http://www.semrush.com/bot.html)"
216.244.66.240 - - [30/Sep/2025:05:26:02 +0000] "GET /robots.txt HTTP/1.1" 301 162 "-" "Mozilla/5.0 (compatible; DotBot/1.2; +https://opensiteexplorer.org/dotbot; help@moz.com)"
85.208.98.23 - - [30/Sep/2025:05:32:41 +0000] "GET /robots.txt HTTP/1.1" 301 162 "-" "Mozilla/5.0 (compatible; SemrushBot-BA; +http://www.semrush.com/bot.html)"
85.208.98.23 - - [30/Sep/2025:05:34:57 +0000] "GET /robots.txt HTTP/1.1" 301 162 "-" "Mozilla/5.0 (compatible; SemrushBot-BA; +http://www.semrush.com/bot.html)"
85.208.98.23 - - [30/Sep/2025:05:35:58 +0000] "GET /robots.txt HTTP/1.1" 301 162 "-" "Mozilla/5.0 (compatible; SemrushBot-BA; +http://www.semrush.com/bot.html)"
172.71.148.10 - - [30/Sep/2025:05:37:25 +0000] "GET /wp-admin/setup-config.php HTTP/1.1" 301 162 "-" "Mozilla/5.0 (Windows NT 10.0; Win64; x64) AppleWebKit/537.36 (KHTML, like Gecko) Chrome/140.0.0.0 Safari/537.36"
104.23.221.165 - - [30/Sep/2025:05:39:17 +0000] "GET /wordpress/wp-admin/setup-config.php HTTP/1.1" 301 162 "-" "Mozilla/5.0 (Windows NT 10.0; Win64; x64) AppleWebKit/537.36 (KHTML, like Gecko) Chrome/140.0.0.0 Safari/537.36"
204.76.203.219 - - [30/Sep/2025:05:45:00 +0000] "GET / HTTP/1.1" 301 162 "-" "Mozilla/5.0 (Windows NT 10.0; Win64; x64) AppleWebKit/537.36 (KHTML, like Gecko) Chrome/90.0.4430.85 Safari/537.36 Edg/90.0.818.46"
172.236.228.111 - - [30/Sep/2025:05:46:50 +0000] "\x16\x03\x01\x01" 400 150 "-" "-"
172.236.228.111 - - [30/Sep/2025:05:46:50 +0000] "\x16\x03\x01\x01" 400 150 "-" "-"
85.208.98.23 - - [30/Sep/2025:05:50:09 +0000] "GET /robots.txt HTTP/1.1" 301 162 "-" "Mozilla/5.0 (compatible; SemrushBot-BA; +http://www.semrush.com/bot.html)"
74.82.47.4 - - [30/Sep/2025:05:53:47 +0000] "GET / HTTP/1.1" 301 162 "-" "Mozilla/5.0 (Windows NT 6.1; ) AppleWebKit/537.36 (KHTML, like Gecko) Chrome/122.0.6261.156 Not(A:Brand/24 YaBrowser/24.4.1.901 Yowser/2.5  Safari/537.36"
74.82.47.4 - - [30/Sep/2025:05:55:31 +0000] "GET /webui/ HTTP/1.1" 301 162 "-" "Mozilla/5.0 (Macintosh; Intel Mac OS X 10_15_7) AppleWebKit/537.36 (KHTML, like Gecko) Chrome/124.0.0.0 Safari/537.36"
74.82.47.4 - - [30/Sep/2025:05:55:54 +0000] "GET / HTTP/1.1" 301 162 "-" "Mozilla/5.0 (Macintosh; Intel Mac OS X 10_15_7) AppleWebKit/537.36 (KHTML, like Gecko) Chrome/124.0.0.0 Safari/537.36"
74.82.47.4 - - [30/Sep/2025:05:57:01 +0000] "GET /favicon.ico HTTP/1.1" 301 162 "-" "Mozilla/5.0 (X11; Linux x86_64) AppleWebKit/537.36 (KHTML, like Gecko) HeadlessChrome/101.0.4951.41 Safari/537.36"
74.82.47.4 - - [30/Sep/2025:05:57:37 +0000] "GET /geoserver/web/ HTTP/1.1" 301 162 "-" "Mozilla/5.0 (Windows NT 6.1; ) AppleWebKit/537.36 (KHTML, like Gecko) Chrome/122.0.6261.156 Not(A:Brand/24 YaBrowser/24.4.1.901 Yowser/2.5  Safari/537.36"
85.208.98.23 - - [30/Sep/2025:06:04:34 +0000] "GET /robots.txt HTTP/1.1" 301 162 "-" "Mozilla/5.0 (compatible; SemrushBot-BA; +http://www.semrush.com/bot.html)"
85.208.98.23 - - [30/Sep/2025:06:05:27 +0000] "GET /robots.txt HTTP/1.1" 301 162 "-" "Mozilla/5.0 (compatible; SemrushBot-BA; +http://www.semrush.com/bot.html)"
165.154.129.201 - - [30/Sep/2025:06:08:17 +0000] "GET / HTTP/1.1" 301 162 "-" "curl/7.29.0"
165.154.129.201 - - [30/Sep/2025:06:08:21 +0000] "\x16\x03\x01\x00\xF2\x01\x00\x00\xEE\x03\x03\x01\x0F\x9Fr\x99L" 400 150 "-" "-"
165.154.129.201 - - [30/Sep/2025:06:08:29 +0000] "t3 12.1.2" 400 150 "-" "-"
85.208.98.23 - - [30/Sep/2025:06:11:05 +0000] "GET /robots.txt HTTP/1.1" 301 162 "-" "Mozilla/5.0 (compatible; SemrushBot-BA; +http://www.semrush.com/bot.html)"
78.153.140.40 - - [30/Sep/2025:06:11:55 +0000] "GET /.env HTTP/1.1" 301 162 "-" "Mozilla/5.0 (Windows NT 10.0; Win64; x64) AppleWebKit/537.36 (KHTML, like Gecko) Chrome/116.0.5845.140 Safari/537.36"
78.153.140.40 - - [30/Sep/2025:06:11:55 +0000] "POST / HTTP/1.1" 301 162 "-" "Mozilla/5.0 (Windows NT 10.0; Win64; x64) AppleWebKit/537.36 (KHTML, like Gecko) Chrome/116.0.5845.140 Safari/537.36"
37.60.141.156 - - [30/Sep/2025:06:15:23 +0000] "GET / HTTP/1.1" 301 162 "-" "Mozilla/5.0 (Windows NT 10.0; Win64; x64) AppleWebKit/537.36 (KHTML, like Gecko) Chrome/42.0.2311.135 Safari/537.36 Edge/12.246"
191.242.209.98 - - [30/Sep/2025:06:17:17 +0000] "GET /admin/config.php HTTP/1.0" 301 162 "-" "xfa1"
165.22.207.58 - - [30/Sep/2025:06:18:48 +0000] "GET / HTTP/1.1" 301 162 "-" "Mozilla/5.0 (X11; Linux x86_64) AppleWebKit/537.36 (KHTML, like Gecko) Chrome/139.0.0.0 Safari/537.36"
165.22.207.58 - - [30/Sep/2025:06:18:48 +0000] "GET /favicon.ico HTTP/1.1" 301 162 "http://mywindows.com/" "Mozilla/5.0 (X11; Linux x86_64) AppleWebKit/537.36 (KHTML, like Gecko) Chrome/139.0.0.0 Safari/537.36"
134.209.245.136 - - [30/Sep/2025:06:19:20 +0000] "GET / HTTP/1.1" 301 162 "-" "Mozilla/5.0 (X11; Linux x86_64; rv:139.0) Gecko/20100101 Firefox/139.0"
134.209.245.136 - - [30/Sep/2025:06:19:21 +0000] "GET /favicon.ico HTTP/1.1" 301 162 "http://bitcurrents.com/" "Mozilla/5.0 (X11; Linux x86_64; rv:139.0) Gecko/20100101 Firefox/139.0"
57.141.2.20 - - [30/Sep/2025:06:21:30 +0000] "GET /archives/20575103.html HTTP/1.1" 301 162 "-" "meta-externalagent/1.1 (+https://developers.facebook.com/docs/sharing/webmasters/crawler)"
85.208.98.23 - - [30/Sep/2025:06:21:53 +0000] "GET /robots.txt HTTP/1.1" 301 162 "-" "Mozilla/5.0 (compatible; SemrushBot-BA; +http://www.semrush.com/bot.html)"
85.208.98.23 - - [30/Sep/2025:06:22:45 +0000] "GET /robots.txt HTTP/1.1" 301 162 "-" "Mozilla/5.0 (compatible; SemrushBot-BA; +http://www.semrush.com/bot.html)"
185.33.101.84 - - [30/Sep/2025:06:35:54 +0000] "\x16\x03\x01\x05\xFC\x01\x00\x05\xF8\x03\x037\xA1\x7F\x1A0\x85\x89k\xE6\x7F\xF8&3\xB9\x8D&)\xF6\xDFR\xED\x97\xE2\x18\x98\xB1\x9A\x1Fz\xBF6b w\xAC7" 400 150 "-" "-"
185.33.101.84 - - [30/Sep/2025:06:35:54 +0000] "GET / HTTP/1.1" 301 162 "-" "Mozilla/5.0 (Kubuntu; Linux i686; rv:132.0) Gecko/20100101 Firefox/132.0"
43.131.36.84 - - [30/Sep/2025:06:36:53 +0000] "GET / HTTP/1.1" 301 162 "-" "Mozilla/5.0 (iPhone; CPU iPhone OS 13_2_3 like Mac OS X) AppleWebKit/605.1.15 (KHTML, like Gecko) Version/13.0.3 Mobile/15E148 Safari/604.1"
34.238.45.183 - - [30/Sep/2025:06:38:04 +0000] "GET /robots.txt HTTP/1.1" 301 162 "-" "Mozilla/5.0 AppleWebKit/537.36 (KHTML, like Gecko; compatible; Amazonbot/0.1; +https://developer.amazon.com/support/amazonbot) Chrome/119.0.6045.214 Safari/537.36"
54.225.148.123 - - [30/Sep/2025:06:38:05 +0000] "GET / HTTP/1.1" 301 162 "-" "Mozilla/5.0 AppleWebKit/537.36 (KHTML, like Gecko; compatible; Amazonbot/0.1; +https://developer.amazon.com/support/amazonbot) Chrome/119.0.6045.214 Safari/537.36"
43.135.142.37 - - [30/Sep/2025:06:39:34 +0000] "GET / HTTP/1.1" 301 162 "-" "Mozilla/5.0 (iPhone; CPU iPhone OS 13_2_3 like Mac OS X) AppleWebKit/605.1.15 (KHTML, like Gecko) Version/13.0.3 Mobile/15E148 Safari/604.1"
34.11.52.196 - - [30/Sep/2025:06:47:09 +0000] "GET /media/system/js/core.js HTTP/1.1" 301 162 "-" "Mozilla/5.0 (Macintosh; Intel Mac OS X 10_10_1) AppleWebKit/537.36 (KHTML, like Gecko) Chrome/39.0.2171.95 Safari/537.36"
34.11.52.196 - - [30/Sep/2025:06:47:10 +0000] "GET /wp-includes/js/jquery/jquery.js HTTP/1.1" 301 162 "-" "Mozilla/5.0 (Macintosh; Intel Mac OS X 10_10_1) AppleWebKit/537.36 (KHTML, like Gecko) Chrome/39.0.2171.95 Safari/537.36"
217.58.13.182 - - [30/Sep/2025:06:48:17 +0000] "GET / HTTP/1.0" 301 162 "-" "-"
34.83.7.254 - - [30/Sep/2025:06:49:46 +0000] "GET /media/system/js/core.js HTTP/1.1" 301 162 "-" "Mozilla/5.0 (Macintosh; Intel Mac OS X 10_10_1) AppleWebKit/537.36 (KHTML, like Gecko) Chrome/39.0.2171.95 Safari/537.36"
34.83.7.254 - - [30/Sep/2025:06:49:46 +0000] "GET /wp-includes/js/jquery/jquery.js HTTP/1.1" 301 162 "-" "Mozilla/5.0 (Macintosh; Intel Mac OS X 10_10_1) AppleWebKit/537.36 (KHTML, like Gecko) Chrome/39.0.2171.95 Safari/537.36"
85.208.98.23 - - [30/Sep/2025:06:50:54 +0000] "GET /robots.txt HTTP/1.1" 301 162 "-" "Mozilla/5.0 (compatible; SemrushBot-BA; +http://www.semrush.com/bot.html)"
85.208.98.23 - - [30/Sep/2025:06:55:14 +0000] "GET /robots.txt HTTP/1.1" 301 162 "-" "Mozilla/5.0 (compatible; SemrushBot-BA; +http://www.semrush.com/bot.html)"
85.208.98.23 - - [30/Sep/2025:06:56:20 +0000] "GET /robots.txt HTTP/1.1" 301 162 "-" "Mozilla/5.0 (compatible; SemrushBot-BA; +http://www.semrush.com/bot.html)"
37.60.141.156 - - [30/Sep/2025:07:08:46 +0000] "GET /cgi-bin/luci/;stok=/locale HTTP/1.1" 301 162 "-" "-"
85.208.98.23 - - [30/Sep/2025:07:09:39 +0000] "GET /robots.txt HTTP/1.1" 301 162 "-" "Mozilla/5.0 (compatible; SemrushBot-BA; +http://www.semrush.com/bot.html)"
142.93.121.90 - - [30/Sep/2025:07:11:15 +0000] "GET /admin/config.php HTTP/1.0" 301 162 "-" "xfa1"
185.242.226.112 - - [30/Sep/2025:07:17:35 +0000] "\x16\x03\x01\x00\x8C\x01\x00\x00\x88\x03\x03\xC2mJ\xBA\x8Dv\x8D\x8E\x8D\x1C\xFE\x9C\x1F\x99\xCER\xF0\xFD\xB7'<\xCAm\xEA\xBC\xE5D\xBB\x8A\x1D\xD9\x09\x00\x00\x1A\xC0/\xC0+\xC0\x11\xC0\x07\xC0\x13\xC0\x09\xC0\x14\xC0" 400 150 "-" "-"
85.208.98.23 - - [30/Sep/2025:07:21:48 +0000] "GET /robots.txt HTTP/1.1" 301 162 "-" "Mozilla/5.0 (compatible; SemrushBot-BA; +http://www.semrush.com/bot.html)"
85.208.98.23 - - [30/Sep/2025:07:22:43 +0000] "GET /robots.txt HTTP/1.1" 301 162 "-" "Mozilla/5.0 (compatible; SemrushBot-BA; +http://www.semrush.com/bot.html)"
34.145.140.147 - - [30/Sep/2025:07:28:01 +0000] "GET /media/system/js/core.js HTTP/1.1" 301 162 "-" "Mozilla/5.0 (Macintosh; Intel Mac OS X 10_10_1) AppleWebKit/537.36 (KHTML, like Gecko) Chrome/39.0.2171.95 Safari/537.36"
34.145.140.147 - - [30/Sep/2025:07:28:01 +0000] "GET /wp-includes/js/jquery/jquery.js HTTP/1.1" 301 162 "-" "Mozilla/5.0 (Macintosh; Intel Mac OS X 10_10_1) AppleWebKit/537.36 (KHTML, like Gecko) Chrome/39.0.2171.95 Safari/537.36"
34.145.140.147 - - [30/Sep/2025:07:29:22 +0000] "GET /media/system/js/core.js HTTP/1.1" 301 162 "-" "Mozilla/5.0 (Macintosh; Intel Mac OS X 10_10_1) AppleWebKit/537.36 (KHTML, like Gecko) Chrome/39.0.2171.95 Safari/537.36"
34.145.140.147 - - [30/Sep/2025:07:29:23 +0000] "GET /wp-includes/js/jquery/jquery.js HTTP/1.1" 301 162 "-" "Mozilla/5.0 (Macintosh; Intel Mac OS X 10_10_1) AppleWebKit/537.36 (KHTML, like Gecko) Chrome/39.0.2171.95 Safari/537.36"
85.208.98.23 - - [30/Sep/2025:07:42:43 +0000] "GET /robots.txt HTTP/1.1" 301 162 "-" "Mozilla/5.0 (compatible; SemrushBot-BA; +http://www.semrush.com/bot.html)"
85.208.98.23 - - [30/Sep/2025:07:43:40 +0000] "GET /robots.txt HTTP/1.1" 301 162 "-" "Mozilla/5.0 (compatible; SemrushBot-BA; +http://www.semrush.com/bot.html)"
85.208.98.23 - - [30/Sep/2025:07:45:38 +0000] "GET /robots.txt HTTP/1.1" 301 162 "-" "Mozilla/5.0 (compatible; SemrushBot-BA; +http://www.semrush.com/bot.html)"
172.171.245.115 - - [30/Sep/2025:07:49:09 +0000] "GET /hudson HTTP/1.1" 301 162 "-" "Mozilla/5.0 zgrab/0.x"
115.231.78.12 - - [30/Sep/2025:07:54:15 +0000] "GET / HTTP/1.1" 301 162 "-" "Mozilla/5.0 (Windows NT 6.1) AppleWebKit/537.36 (KHTML, like Gecko) Chrome/71.0.2623.112 Safari/537.36"
